// Jest Snapshot v1, https://goo.gl/fbAQLP

exports[`Slider renders slider 1`] = `
<ContextConsumer>
  <Component />
</ContextConsumer>
`;
