// Jest Snapshot v1, https://goo.gl/fbAQLP

exports[`Calculator renders calculator 1`] = `
<ContextConsumer>
  <Component />
</ContextConsumer>
`;
