// Jest Snapshot v1, https://goo.gl/fbAQLP

exports[`Test Layout renders layout 1`] = `
<ContextConsumer>
  <Component />
</ContextConsumer>
`;
