// Jest Snapshot v1, https://goo.gl/fbAQLP

exports[`Test Logo renders logo 1`] = `
<styles__LogoContainer>
  <styles__MainLogo
    alt="Bellotero"
    src="/static/images/bellotero.svg"
  />
</styles__LogoContainer>
`;
